<?xml version="1.0" encoding="UTF-8"?>
<bom xmlns="http://cyclonedx.org/schema/bom/1.2" version="1" serialNumber="urn:uuid:544b9f08-b39d-4d0c-8723-32609567e8ed">
  <metadata>
    <timestamp>2020-12-28T13:56:29-05:00</timestamp>
    <tools>
      <tool>
        <vendor>anchore</vendor>
        <name>syft</name>
        <version>[not provided]</version>
      </tool>
    </tools>
    <component type="file">
      <name>/some/path</name>
      <version></version>
    </component>
  </metadata>
  <components>
    <component type="library">
      <name>package1</name>
      <version>1.0.1</version>
    </component>
    <component type="library">
      <name>package2</name>
      <version>2.0.1</version>
      <licenses>
        <license>
          <name>MIT</name>
        </license>
        <license>
          <name>Apache-v2</name>
        </license>
      </licenses>
    </component>
  </components>
</bom>
