<?xml version="1.0" encoding="UTF-8"?>
<bom xmlns="http://cyclonedx.org/schema/bom/1.2" version="1" serialNumber="urn:uuid:5404937f-72d6-44a2-8e9b-954305ecb4f6">
  <metadata>
    <timestamp>2021-06-23T13:40:33-04:00</timestamp>
    <tools>
      <tool>
        <vendor>anchore</vendor>
        <name>syft</name>
        <version>[not provided]</version>
      </tool>
    </tools>
    <component type="file">
      <name>/some/path</name>
      <version></version>
    </component>
  </metadata>
  <components>
    <component type="library">
      <name>package-1</name>
      <version>1.0.1</version>
      <licenses>
        <license>
          <name>MIT</name>
        </license>
      </licenses>
      <purl>a-purl-2</purl>
    </component>
    <component type="library">
      <name>package-2</name>
      <version>2.0.1</version>
      <purl>a-purl-2</purl>
    </component>
  </components>
</bom>
