{
 "SPDXID": "SPDXRef-DOCUMENT",
 "name": "user-image-input",
 "spdxVersion": "SPDX-2.2",
 "creationInfo": {
  "created": "2021-11-17T19:35:57.761372Z",
  "creators": [
   "Organization: Anchore, Inc",
   "Tool: syft-[not provided]"
  ],
  "licenseListVersion": "3.15"
 },
 "dataLicense": "CC0-1.0",
 "documentNamespace": "https:/anchore.com/syft/image/user-image-input-5383918f-ec96-4aa9-b756-ad16e1ada31e",
 "packages": [
  {
   "SPDXID": "SPDXRef-888661d4f0362f02",
   "name": "package-1",
   "licenseConcluded": "MIT",
   "downloadLocation": "NOASSERTION",
   "externalRefs": [
    {
     "referenceCategory": "SECURITY",
     "referenceLocator": "cpe:2.3:*:some:package:1:*:*:*:*:*:*:*",
     "referenceType": "cpe23Type"
    },
    {
     "referenceCategory": "PACKAGE_MANAGER",
     "referenceLocator": "a-purl-1",
     "referenceType": "purl"
    }
   ],
   "filesAnalyzed": false,
   "licenseDeclared": "MIT",
   "sourceInfo": "acquired package info from installed python package manifest file: /somefile-1.txt",
   "versionInfo": "1.0.1"
  },
  {
   "SPDXID": "SPDXRef-4068ff5e8926b305",
   "name": "package-2",
   "licenseConcluded": "NONE",
   "downloadLocation": "NOASSERTION",
   "externalRefs": [
    {
     "referenceCategory": "SECURITY",
     "referenceLocator": "cpe:2.3:*:some:package:2:*:*:*:*:*:*:*",
     "referenceType": "cpe23Type"
    },
    {
     "referenceCategory": "PACKAGE_MANAGER",
     "referenceLocator": "a-purl-2",
     "referenceType": "purl"
    }
   ],
   "filesAnalyzed": false,
   "licenseDeclared": "NONE",
   "sourceInfo": "acquired package info from DPKG DB: /somefile-2.txt",
   "versionInfo": "2.0.1"
  }
 ]
}
