{
 "spdxVersion": "SPDX-2.3",
 "dataLicense": "CC0-1.0",
 "SPDXID": "SPDXRef-DOCUMENT",
 "name": "some/path",
 "documentNamespace":"redacted",
 "creationInfo": {
  "licenseListVersion":"redacted",
  "creators": [
   "Organization: Anchore, Inc",
   "Tool: syft-v0.42.0-bogus"
  ],
  "created":"redacted"
 },
 "packages": [
  {
   "name": "package-1",
   "SPDXID": "SPDXRef-Package-python-package-1-fb6bef15e281ea43",
   "versionInfo": "1.0.1",
   "supplier": "NOASSERTION",
   "downloadLocation": "NOASSERTION",
   "filesAnalyzed": false,
   "sourceInfo": "acquired package info from installed python package manifest file: /some/path/pkg1",
   "licenseConcluded": "NOASSERTION",
   "licenseDeclared": "MIT",
   "copyrightText": "NOASSERTION",
   "externalRefs": [
    {
     "referenceCategory": "SECURITY",
     "referenceType": "cpe23Type",
     "referenceLocator": "cpe:2.3:*:some:package:2:*:*:*:*:*:*:*"
    },
    {
     "referenceCategory": "PACKAGE-MANAGER",
     "referenceType": "purl",
     "referenceLocator": "a-purl-2"
    }
   ]
  },
  {
   "name": "package-2",
   "SPDXID": "SPDXRef-Package-deb-package-2-39392bb5e270f669",
   "versionInfo": "2.0.1",
   "supplier": "NOASSERTION",
   "downloadLocation": "NOASSERTION",
   "filesAnalyzed": false,
   "sourceInfo": "acquired package info from DPKG DB: /some/path/pkg1",
   "licenseConcluded": "NOASSERTION",
   "licenseDeclared": "NOASSERTION",
   "copyrightText": "NOASSERTION",
   "externalRefs": [
    {
     "referenceCategory": "SECURITY",
     "referenceType": "cpe23Type",
     "referenceLocator": "cpe:2.3:*:some:package:2:*:*:*:*:*:*:*"
    },
    {
     "referenceCategory": "PACKAGE-MANAGER",
     "referenceType": "purl",
     "referenceLocator": "pkg:deb/debian/package-2@2.0.1"
    }
   ]
  },
  {
   "name": "some/path",
   "SPDXID": "SPDXRef-DocumentRoot-Directory-some-path",
   "supplier": "NOASSERTION",
   "downloadLocation": "NOASSERTION",
   "filesAnalyzed": false,
   "primaryPackagePurpose": "FILE"
  }
 ],
 "relationships": [
  {
   "spdxElementId": "SPDXRef-DocumentRoot-Directory-some-path",
   "relatedSpdxElement": "SPDXRef-Package-python-package-1-fb6bef15e281ea43",
   "relationshipType": "CONTAINS"
  },
  {
   "spdxElementId": "SPDXRef-DocumentRoot-Directory-some-path",
   "relatedSpdxElement": "SPDXRef-Package-deb-package-2-39392bb5e270f669",
   "relationshipType": "CONTAINS"
  },
  {
   "spdxElementId": "SPDXRef-DOCUMENT",
   "relatedSpdxElement": "SPDXRef-DocumentRoot-Directory-some-path",
   "relationshipType": "DESCRIBES"
  }
 ]
}
