<?xml version="1.0" encoding="UTF-8"?>
<bom xmlns="http://cyclonedx.org/schema/bom/1.4" serialNumber="urn:uuid:5fa94827-eb85-4f32-a62d-76fb6e89a2dd" version="1">
  <metadata>
    <timestamp>2022-03-08T12:30:33Z</timestamp>
    <tools>
      <tool>
        <vendor>anchore</vendor>
        <name>syft</name>
        <version>[not provided]</version>
      </tool>
    </tools>
    <component bom-ref="711095b1cdf90cce" type="container">
      <name>user-image-input</name>
      <version>sha256:2731251dc34951c0e50fcc643b4c5f74922dad1a5d98f302b504cf46cd5d9368</version>
    </component>
  </metadata>
  <components>
    <component type="library">
      <name>package-1</name>
      <version>1.0.1</version>
      <licenses>
        <license>
          <id>MIT</id>
        </license>
      </licenses>
      <cpe>cpe:2.3:*:some:package:1:*:*:*:*:*:*:*</cpe>
      <purl>a-purl-1</purl>
      <properties>
        <property name="syft:package:foundBy">the-cataloger-1</property>
        <property name="syft:package:language">python</property>
        <property name="syft:package:metadataType">PythonPackageMetadata</property>
        <property name="syft:package:type">python</property>
        <property name="syft:location:0:layerID">sha256:16e64541f2ddf59a90391ce7bb8af90313f7d373f2105d88f3d3267b72e0ebab</property>
        <property name="syft:location:0:path">/somefile-1.txt</property>
      </properties>
    </component>
    <component type="library">
      <name>package-2</name>
      <version>2.0.1</version>
      <cpe>cpe:2.3:*:some:package:2:*:*:*:*:*:*:*</cpe>
      <purl>a-purl-2</purl>
      <properties>
        <property name="syft:package:foundBy">the-cataloger-2</property>
        <property name="syft:package:metadataType">DpkgMetadata</property>
        <property name="syft:package:type">deb</property>
        <property name="syft:location:0:layerID">sha256:de6c235f76ea24c8503ec08891445b5d6a8bdf8249117ed8d8b0b6fb3ebe4f67</property>
        <property name="syft:location:0:path">/somefile-2.txt</property>
        <property name="syft:metadata:installedSize">0</property>
      </properties>
    </component>
    <component type="operating-system">
      <name>debian</name>
      <version>1.2.3</version>
      <description>debian</description>
      <swid tagId="debian" name="debian" version="1.2.3"></swid>
      <properties>
        <property name="syft:distro:id">debian</property>
        <property name="syft:distro:idLike:0">like!</property>
        <property name="syft:distro:prettyName">debian</property>
        <property name="syft:distro:versionID">1.2.3</property>
      </properties>
    </component>
  </components>
</bom>