{
 "artifacts": [
  {
   "id": "d9527e708c11f8b9",
   "name": "package-1",
   "version": "1.0.1",
   "type": "python",
   "foundBy": "the-cataloger-1",
   "locations": [
    {
     "path": "/somefile-1.txt",
     "layerID": "sha256:fb6beecb75b39f4bb813dbf177e501edd5ddb3e69bb45cedeb78c676ee1b7a59"
    }
   ],
   "licenses": [
    "MIT"
   ],
   "language": "python",
   "cpes": [
    "cpe:2.3:*:some:package:1:*:*:*:*:*:*:*"
   ],
   "purl": "a-purl-1",
   "metadataType": "PythonPackageMetadata",
   "metadata": {
    "name": "package-1",
    "version": "1.0.1",
    "license": "",
    "author": "",
    "authorEmail": "",
    "platform": "",
    "sitePackagesRootPath": ""
   }
  },
  {
   "id": "73f796c846875b9e",
   "name": "package-2",
   "version": "2.0.1",
   "type": "deb",
   "foundBy": "the-cataloger-2",
   "locations": [
    {
     "path": "/somefile-2.txt",
     "layerID": "sha256:319b588ce64253a87b533c8ed01cf0025e0eac98e7b516e12532957e1244fdec"
    }
   ],
   "licenses": [],
   "language": "",
   "cpes": [
    "cpe:2.3:*:some:package:2:*:*:*:*:*:*:*"
   ],
   "purl": "a-purl-2",
   "metadataType": "DpkgMetadata",
   "metadata": {
    "package": "package-2",
    "source": "",
    "version": "2.0.1",
    "sourceVersion": "",
    "architecture": "",
    "maintainer": "",
    "installedSize": 0,
    "files": null
   }
  }
 ],
 "artifactRelationships": [],
 "source": {
  "type": "image",
  "target": {
   "userInput": "user-image-input",
   "imageID": "sha256:2480160b55bec40c44d3b145c7b2c1c47160db8575c3dcae086d76b9370ae7ca",
   "manifestDigest": "sha256:2731251dc34951c0e50fcc643b4c5f74922dad1a5d98f302b504cf46cd5d9368",
   "mediaType": "application/vnd.docker.distribution.manifest.v2+json",
   "tags": [
    "stereoscope-fixture-image-simple:85066c51088bdd274f7a89e99e00490f666c49e72ffc955707cd6e18f0e22c5b"
   ],
   "imageSize": 38,
   "layers": [
    {
     "mediaType": "application/vnd.docker.image.rootfs.diff.tar.gzip",
     "digest": "sha256:fb6beecb75b39f4bb813dbf177e501edd5ddb3e69bb45cedeb78c676ee1b7a59",
     "size": 22
    },
    {
     "mediaType": "application/vnd.docker.image.rootfs.diff.tar.gzip",
     "digest": "sha256:319b588ce64253a87b533c8ed01cf0025e0eac98e7b516e12532957e1244fdec",
     "size": 16
    }
   ],
   "manifest": "eyJzY2hlbWFWZXJzaW9uIjoyLCJtZWRpYVR5cGUiOiJhcHBsaWNhdGlvbi92bmQuZG9ja2VyLmRpc3RyaWJ1dGlvbi5tYW5pZmVzdC52Mitqc29uIiwiY29uZmlnIjp7Im1lZGlhVHlwZSI6ImFwcGxpY2F0aW9uL3ZuZC5kb2NrZXIuY29udGFpbmVyLmltYWdlLnYxK2pzb24iLCJzaXplIjo2NjcsImRpZ2VzdCI6InNoYTI1NjoyNDgwMTYwYjU1YmVjNDBjNDRkM2IxNDVjN2IyYzFjNDcxNjBkYjg1NzVjM2RjYWUwODZkNzZiOTM3MGFlN2NhIn0sImxheWVycyI6W3sibWVkaWFUeXBlIjoiYXBwbGljYXRpb24vdm5kLmRvY2tlci5pbWFnZS5yb290ZnMuZGlmZi50YXIuZ3ppcCIsInNpemUiOjIwNDgsImRpZ2VzdCI6InNoYTI1NjpmYjZiZWVjYjc1YjM5ZjRiYjgxM2RiZjE3N2U1MDFlZGQ1ZGRiM2U2OWJiNDVjZWRlYjc4YzY3NmVlMWI3YTU5In0seyJtZWRpYVR5cGUiOiJhcHBsaWNhdGlvbi92bmQuZG9ja2VyLmltYWdlLnJvb3Rmcy5kaWZmLnRhci5nemlwIiwic2l6ZSI6MjA0OCwiZGlnZXN0Ijoic2hhMjU2OjMxOWI1ODhjZTY0MjUzYTg3YjUzM2M4ZWQwMWNmMDAyNWUwZWFjOThlN2I1MTZlMTI1MzI5NTdlMTI0NGZkZWMifV19",
   "config": "eyJhcmNoaXRlY3R1cmUiOiJhbWQ2NCIsImNvbmZpZyI6eyJFbnYiOlsiUEFUSD0vdXNyL2xvY2FsL3NiaW46L3Vzci9sb2NhbC9iaW46L3Vzci9zYmluOi91c3IvYmluOi9zYmluOi9iaW4iXSwiV29ya2luZ0RpciI6Ii8iLCJPbkJ1aWxkIjpudWxsfSwiY3JlYXRlZCI6IjIwMjEtMTAtMDRUMTE6NDA6MDAuNjM4Mzk0NVoiLCJoaXN0b3J5IjpbeyJjcmVhdGVkIjoiMjAyMS0xMC0wNFQxMTo0MDowMC41OTA3MzE2WiIsImNyZWF0ZWRfYnkiOiJBREQgZmlsZS0xLnR4dCAvc29tZWZpbGUtMS50eHQgIyBidWlsZGtpdCIsImNvbW1lbnQiOiJidWlsZGtpdC5kb2NrZXJmaWxlLnYwIn0seyJjcmVhdGVkIjoiMjAyMS0xMC0wNFQxMTo0MDowMC42MzgzOTQ1WiIsImNyZWF0ZWRfYnkiOiJBREQgZmlsZS0yLnR4dCAvc29tZWZpbGUtMi50eHQgIyBidWlsZGtpdCIsImNvbW1lbnQiOiJidWlsZGtpdC5kb2NrZXJmaWxlLnYwIn1dLCJvcyI6ImxpbnV4Iiwicm9vdGZzIjp7InR5cGUiOiJsYXllcnMiLCJkaWZmX2lkcyI6WyJzaGEyNTY6ZmI2YmVlY2I3NWIzOWY0YmI4MTNkYmYxNzdlNTAxZWRkNWRkYjNlNjliYjQ1Y2VkZWI3OGM2NzZlZTFiN2E1OSIsInNoYTI1NjozMTliNTg4Y2U2NDI1M2E4N2I1MzNjOGVkMDFjZjAwMjVlMGVhYzk4ZTdiNTE2ZTEyNTMyOTU3ZTEyNDRmZGVjIl19fQ==",
   "repoDigests": [],
   "architecture": "",
   "os": ""
  }
 },
 "distro": {
  "prettyName": "debian",
  "name": "debian",
  "id": "debian",
  "idLike": [
   "like!"
  ],
  "version": "1.2.3",
  "versionID": "1.2.3"
 },
 "descriptor": {
  "name": "syft",
  "version": "v0.42.0-bogus",
  "configuration": {
   "config-key": "config-value"
  }
 },
 "schema": {
  "version": "3.1.0",
  "url": "https://raw.githubusercontent.com/anchore/syft/main/schema/json/schema-3.1.0.json"
 }
}
