SPDXVersion: SPDX-2.2
DataLicense: CC0-1.0
SPDXID: SPDXRef-DOCUMENT
DocumentName: .
DocumentNamespace: https://anchore.com/syft/dir/644e30b7-5a31-4d0b-a903-b96c757921c2
LicenseListVersion: 3.16
Creator: Organization: Anchore, Inc
Creator: Tool: syft-[not provided]
Created: 2022-04-19T15:10:19Z

##### Package: @at-sign

PackageName: @at-sign
SPDXID: SPDXRef-Package---at-sign-739e4f0d93fb8298
PackageDownloadLocation: NOASSERTION
FilesAnalyzed: false
PackageLicenseConcluded: NONE
PackageLicenseDeclared: NONE
PackageCopyrightText: NOASSERTION

##### Package: some/slashes

PackageName: some/slashes
SPDXID: SPDXRef-Package--some-slashes-26db06648b24bff9
PackageDownloadLocation: NOASSERTION
FilesAnalyzed: false
PackageLicenseConcluded: NONE
PackageLicenseDeclared: NONE
PackageCopyrightText: NOASSERTION

##### Package: under_scores

PackageName: under_scores
SPDXID: SPDXRef-Package--under-scores-250cbfefcdea318b
PackageDownloadLocation: NOASSERTION
FilesAnalyzed: false
PackageLicenseConcluded: NONE
PackageLicenseDeclared: NONE
PackageCopyrightText: NOASSERTION

