pkg:generic/generic@1.2.3
pkg:maven/org.apache/javatest@0.30.1
pkg:npm/npmtest@1.5.1
