
[TestHandler_handleFileDigestsCatalogerStarted/cataloging_in_progress - 1]
 ⠋ Cataloging file digests         ━━━━━━━━━━━━━━━━━━━━  [current]  
---

[TestHandler_handleFileDigestsCatalogerStarted/cataloging_complete - 1]
 ✔ Cataloged file digests          
---
