
[TestHandler_handleFileMetadataCatalogerStarted/cataloging_in_progress - 1]
 ⠋ Cataloging file metadata        ━━━━━━━━━━━━━━━━━━━━  [current]  
---

[TestHandler_handleFileMetadataCatalogerStarted/cataloging_complete - 1]
 ✔ Cataloged file metadata         
---
