NAME       VERSION  TYPE 
package-1  1.0.1    deb   
package-2  2.0.1    deb   
